// Jest Snapshot v1, https://goo.gl/fbAQLP

exports[`should render EditExpensePage 1`] = `
<div
  className="content-container"
>
  <div
    className="page-header"
  >
     
    <h1
      className="page-header__title"
    >
       Edit Expense
    </h1>
      
  </div>
  <ExpenseForm
    expense={
      Object {
        "amount": 4500,
        "createdAt": 345600000,
        "description": "Credit Card",
        "id": "3",
        "note": "",
      }
    }
    onSubmit={[Function]}
  />
  <div>
     
    <button
      className="button--secondary"
      onClick={[Function]}
    >
      Remove
    </button>
     
  </div>
</div>
`;
